// Jest Snapshot v1, https://goo.gl/fbAQLP

exports[`select_reducer is correct 1`] = `
Object {
  "isAuthenticated": false,
  "user": Object {},
}
`;

exports[`select_reducer returns the correct state 1`] = `
Object {
  "isAuthenticated": false,
  "user": Object {},
}
`;
