// Jest Snapshot v1, https://goo.gl/fbAQLP

exports[`Render <ModalH /> should match the snapshot 1`] = `
<ContextConsumer>
  <Component />
</ContextConsumer>
`;
