// Jest Snapshot v1, https://goo.gl/fbAQLP

exports[`Render <ArticleRating /> it should render  ArticleRating component 1`] = `
ShallowWrapper {
  Symbol(enzyme.__root__): [Circular],
  Symbol(enzyme.__unrendered__): <ArticlesRating
    actions={[Function]}
    getratingstatus="SUCCESS"
    ratings={0}
    status="SUCCESS"
  />,
  Symbol(enzyme.__renderer__): Object {
    "batchedUpdates": [Function],
    "checkPropTypes": [Function],
    "getNode": [Function],
    "render": [Function],
    "simulateError": [Function],
    "simulateEvent": [Function],
    "unmount": [Function],
  },
  Symbol(enzyme.__node__): Object {
    "instance": null,
    "key": undefined,
    "nodeType": "function",
    "props": Object {
      "children": Array [
        <Alert
          message="Hello Buddy, you gave this article a star rating of undefined"
          title="Article Rated"
          type="success"
        />,
        <span
          className="rate"
        >
          <button
            className="rate __button"
            onClick={[Function]}
            type="button"
          >
            <i
              className="fa fa-star-o star  "
            />
          </button>
          <button
            className="rate __button"
            onClick={[Function]}
            type="button"
          >
            <i
              className="fa fa-star-o star  "
            />
          </button>
          <button
            className="rate __button"
            onClick={[Function]}
            type="button"
          >
            <i
              className="fa fa-star-o star  "
            />
          </button>
          <button
            className="rate __button"
            onClick={[Function]}
            type="button"
          >
            <i
              className="fa fa-star-o star  "
            />
          </button>
          <button
            className="rate __button"
            onClick={[Function]}
            type="button"
          >
            <i
              className="fa fa-star-o star  "
            />
          </button>
        </span>,
      ],
    },
    "ref": null,
    "rendered": Array [
      Object {
        "instance": null,
        "key": undefined,
        "nodeType": "function",
        "props": Object {
          "message": "Hello Buddy, you gave this article a star rating of undefined",
          "title": "Article Rated",
          "type": "success",
        },
        "ref": null,
        "rendered": null,
        "type": [Function],
      },
      Object {
        "instance": null,
        "key": undefined,
        "nodeType": "host",
        "props": Object {
          "children": Array [
            <button
              className="rate __button"
              onClick={[Function]}
              type="button"
            >
              <i
                className="fa fa-star-o star  "
              />
            </button>,
            <button
              className="rate __button"
              onClick={[Function]}
              type="button"
            >
              <i
                className="fa fa-star-o star  "
              />
            </button>,
            <button
              className="rate __button"
              onClick={[Function]}
              type="button"
            >
              <i
                className="fa fa-star-o star  "
              />
            </button>,
            <button
              className="rate __button"
              onClick={[Function]}
              type="button"
            >
              <i
                className="fa fa-star-o star  "
              />
            </button>,
            <button
              className="rate __button"
              onClick={[Function]}
              type="button"
            >
              <i
                className="fa fa-star-o star  "
              />
            </button>,
          ],
          "className": "rate",
        },
        "ref": null,
        "rendered": Array [
          Object {
            "instance": null,
            "key": "1",
            "nodeType": "host",
            "props": Object {
              "children": <i
                className="fa fa-star-o star  "
              />,
              "className": "rate __button",
              "onClick": [Function],
              "type": "button",
            },
            "ref": null,
            "rendered": Object {
              "instance": null,
              "key": "1",
              "nodeType": "host",
              "props": Object {
                "className": "fa fa-star-o star  ",
              },
              "ref": null,
              "rendered": null,
              "type": "i",
            },
            "type": "button",
          },
          Object {
            "instance": null,
            "key": "2",
            "nodeType": "host",
            "props": Object {
              "children": <i
                className="fa fa-star-o star  "
              />,
              "className": "rate __button",
              "onClick": [Function],
              "type": "button",
            },
            "ref": null,
            "rendered": Object {
              "instance": null,
              "key": "2",
              "nodeType": "host",
              "props": Object {
                "className": "fa fa-star-o star  ",
              },
              "ref": null,
              "rendered": null,
              "type": "i",
            },
            "type": "button",
          },
          Object {
            "instance": null,
            "key": "3",
            "nodeType": "host",
            "props": Object {
              "children": <i
                className="fa fa-star-o star  "
              />,
              "className": "rate __button",
              "onClick": [Function],
              "type": "button",
            },
            "ref": null,
            "rendered": Object {
              "instance": null,
              "key": "3",
              "nodeType": "host",
              "props": Object {
                "className": "fa fa-star-o star  ",
              },
              "ref": null,
              "rendered": null,
              "type": "i",
            },
            "type": "button",
          },
          Object {
            "instance": null,
            "key": "4",
            "nodeType": "host",
            "props": Object {
              "children": <i
                className="fa fa-star-o star  "
              />,
              "className": "rate __button",
              "onClick": [Function],
              "type": "button",
            },
            "ref": null,
            "rendered": Object {
              "instance": null,
              "key": "4",
              "nodeType": "host",
              "props": Object {
                "className": "fa fa-star-o star  ",
              },
              "ref": null,
              "rendered": null,
              "type": "i",
            },
            "type": "button",
          },
          Object {
            "instance": null,
            "key": "5",
            "nodeType": "host",
            "props": Object {
              "children": <i
                className="fa fa-star-o star  "
              />,
              "className": "rate __button",
              "onClick": [Function],
              "type": "button",
            },
            "ref": null,
            "rendered": Object {
              "instance": null,
              "key": "5",
              "nodeType": "host",
              "props": Object {
                "className": "fa fa-star-o star  ",
              },
              "ref": null,
              "rendered": null,
              "type": "i",
            },
            "type": "button",
          },
        ],
        "type": "span",
      },
    ],
    "type": Symbol(react.fragment),
  },
  Symbol(enzyme.__nodes__): Array [
    Object {
      "instance": null,
      "key": undefined,
      "nodeType": "function",
      "props": Object {
        "children": Array [
          <Alert
            message="Hello Buddy, you gave this article a star rating of undefined"
            title="Article Rated"
            type="success"
          />,
          <span
            className="rate"
          >
            <button
              className="rate __button"
              onClick={[Function]}
              type="button"
            >
              <i
                className="fa fa-star-o star  "
              />
            </button>
            <button
              className="rate __button"
              onClick={[Function]}
              type="button"
            >
              <i
                className="fa fa-star-o star  "
              />
            </button>
            <button
              className="rate __button"
              onClick={[Function]}
              type="button"
            >
              <i
                className="fa fa-star-o star  "
              />
            </button>
            <button
              className="rate __button"
              onClick={[Function]}
              type="button"
            >
              <i
                className="fa fa-star-o star  "
              />
            </button>
            <button
              className="rate __button"
              onClick={[Function]}
              type="button"
            >
              <i
                className="fa fa-star-o star  "
              />
            </button>
          </span>,
        ],
      },
      "ref": null,
      "rendered": Array [
        Object {
          "instance": null,
          "key": undefined,
          "nodeType": "function",
          "props": Object {
            "message": "Hello Buddy, you gave this article a star rating of undefined",
            "title": "Article Rated",
            "type": "success",
          },
          "ref": null,
          "rendered": null,
          "type": [Function],
        },
        Object {
          "instance": null,
          "key": undefined,
          "nodeType": "host",
          "props": Object {
            "children": Array [
              <button
                className="rate __button"
                onClick={[Function]}
                type="button"
              >
                <i
                  className="fa fa-star-o star  "
                />
              </button>,
              <button
                className="rate __button"
                onClick={[Function]}
                type="button"
              >
                <i
                  className="fa fa-star-o star  "
                />
              </button>,
              <button
                className="rate __button"
                onClick={[Function]}
                type="button"
              >
                <i
                  className="fa fa-star-o star  "
                />
              </button>,
              <button
                className="rate __button"
                onClick={[Function]}
                type="button"
              >
                <i
                  className="fa fa-star-o star  "
                />
              </button>,
              <button
                className="rate __button"
                onClick={[Function]}
                type="button"
              >
                <i
                  className="fa fa-star-o star  "
                />
              </button>,
            ],
            "className": "rate",
          },
          "ref": null,
          "rendered": Array [
            Object {
              "instance": null,
              "key": "1",
              "nodeType": "host",
              "props": Object {
                "children": <i
                  className="fa fa-star-o star  "
                />,
                "className": "rate __button",
                "onClick": [Function],
                "type": "button",
              },
              "ref": null,
              "rendered": Object {
                "instance": null,
                "key": "1",
                "nodeType": "host",
                "props": Object {
                  "className": "fa fa-star-o star  ",
                },
                "ref": null,
                "rendered": null,
                "type": "i",
              },
              "type": "button",
            },
            Object {
              "instance": null,
              "key": "2",
              "nodeType": "host",
              "props": Object {
                "children": <i
                  className="fa fa-star-o star  "
                />,
                "className": "rate __button",
                "onClick": [Function],
                "type": "button",
              },
              "ref": null,
              "rendered": Object {
                "instance": null,
                "key": "2",
                "nodeType": "host",
                "props": Object {
                  "className": "fa fa-star-o star  ",
                },
                "ref": null,
                "rendered": null,
                "type": "i",
              },
              "type": "button",
            },
            Object {
              "instance": null,
              "key": "3",
              "nodeType": "host",
              "props": Object {
                "children": <i
                  className="fa fa-star-o star  "
                />,
                "className": "rate __button",
                "onClick": [Function],
                "type": "button",
              },
              "ref": null,
              "rendered": Object {
                "instance": null,
                "key": "3",
                "nodeType": "host",
                "props": Object {
                  "className": "fa fa-star-o star  ",
                },
                "ref": null,
                "rendered": null,
                "type": "i",
              },
              "type": "button",
            },
            Object {
              "instance": null,
              "key": "4",
              "nodeType": "host",
              "props": Object {
                "children": <i
                  className="fa fa-star-o star  "
                />,
                "className": "rate __button",
                "onClick": [Function],
                "type": "button",
              },
              "ref": null,
              "rendered": Object {
                "instance": null,
                "key": "4",
                "nodeType": "host",
                "props": Object {
                  "className": "fa fa-star-o star  ",
                },
                "ref": null,
                "rendered": null,
                "type": "i",
              },
              "type": "button",
            },
            Object {
              "instance": null,
              "key": "5",
              "nodeType": "host",
              "props": Object {
                "children": <i
                  className="fa fa-star-o star  "
                />,
                "className": "rate __button",
                "onClick": [Function],
                "type": "button",
              },
              "ref": null,
              "rendered": Object {
                "instance": null,
                "key": "5",
                "nodeType": "host",
                "props": Object {
                  "className": "fa fa-star-o star  ",
                },
                "ref": null,
                "rendered": null,
                "type": "i",
              },
              "type": "button",
            },
          ],
          "type": "span",
        },
      ],
      "type": Symbol(react.fragment),
    },
  ],
  Symbol(enzyme.__options__): Object {
    "adapter": ReactSixteenAdapter {
      "options": Object {
        "enableComponentDidUpdateOnSetState": true,
        "legacyContextMode": "parent",
        "lifecycles": Object {
          "componentDidUpdate": Object {
            "onSetState": true,
          },
          "getChildContext": Object {
            "calledByRenderer": false,
          },
          "getDerivedStateFromProps": true,
          "getSnapshotBeforeUpdate": true,
          "setState": Object {
            "skipsComponentDidUpdateOnNullish": true,
          },
        },
      },
    },
  },
}
`;
