// Jest Snapshot v1, https://goo.gl/fbAQLP

exports[`Mount Article page should render the article page 1`] = `
<div
  className="mb-5 p-5"
>
  <h2
    className="mx-auto text-center text-muted"
  >
     All Stories
  </h2>
  <Connect(Article) />
</div>
`;
