// Jest Snapshot v1, https://goo.gl/fbAQLP

exports[`The ReportArticle Component Test Suite should render the SignupFrom component 1`] = `
ShallowWrapper {
  Symbol(enzyme.__root__): [Circular],
  Symbol(enzyme.__unrendered__): <ReportArticle
    actions={[Function]}
    articleId={5}
    errors={Object {}}
    isLoading={false}
    toggle={[Function]}
  />,
  Symbol(enzyme.__renderer__): Object {
    "batchedUpdates": [Function],
    "getNode": [Function],
    "render": [Function],
    "simulateError": [Function],
    "simulateEvent": [Function],
    "unmount": [Function],
  },
  Symbol(enzyme.__node__): Object {
    "instance": null,
    "key": undefined,
    "nodeType": "host",
    "props": Object {
      "children": Array [
        false,
        <h1
          className="form-title font-cardo text-center"
        >
          Report this article
        </h1>,
        <form
          className="heimdal-form"
          noValidate={true}
          onSubmit={[Function]}
        >
          <div
            className="font-cardo ph-30"
          >
            <div
              className="form-group"
            >
              <select
                className="form-control"
                defaultValue="spam"
                name="reportType"
                onChange={[Function]}
              >
                <option>
                  spam
                </option>
                <option>
                  plagarism
                </option>
                <option>
                  others
                </option>
              </select>
            </div>
            <div
              className="form-group"
            >
              <textarea
                className="form-control"
                name="context"
                onChange={[Function]}
                placeholder="Type your report message"
              />
            </div>
            <div
              className="row"
            >
              <LoadingSpinner
                isLoading={false}
              />
              <MainError
                errors={Object {}}
              />
              <div
                className="col-md-12 text-right"
              >
                <button
                  className="btn btn-danger ph-25"
                  type="submit"
                >
                  Submit Report
                </button>
              </div>
            </div>
          </div>
        </form>,
      ],
      "className": "heimdal-report-form",
    },
    "ref": null,
    "rendered": Array [
      false,
      Object {
        "instance": null,
        "key": undefined,
        "nodeType": "host",
        "props": Object {
          "children": "Report this article",
          "className": "form-title font-cardo text-center",
        },
        "ref": null,
        "rendered": "Report this article",
        "type": "h1",
      },
      Object {
        "instance": null,
        "key": undefined,
        "nodeType": "host",
        "props": Object {
          "children": <div
            className="font-cardo ph-30"
          >
            <div
              className="form-group"
            >
              <select
                className="form-control"
                defaultValue="spam"
                name="reportType"
                onChange={[Function]}
              >
                <option>
                  spam
                </option>
                <option>
                  plagarism
                </option>
                <option>
                  others
                </option>
              </select>
            </div>
            <div
              className="form-group"
            >
              <textarea
                className="form-control"
                name="context"
                onChange={[Function]}
                placeholder="Type your report message"
              />
            </div>
            <div
              className="row"
            >
              <LoadingSpinner
                isLoading={false}
              />
              <MainError
                errors={Object {}}
              />
              <div
                className="col-md-12 text-right"
              >
                <button
                  className="btn btn-danger ph-25"
                  type="submit"
                >
                  Submit Report
                </button>
              </div>
            </div>
          </div>,
          "className": "heimdal-form",
          "noValidate": true,
          "onSubmit": [Function],
        },
        "ref": null,
        "rendered": Object {
          "instance": null,
          "key": undefined,
          "nodeType": "host",
          "props": Object {
            "children": Array [
              <div
                className="form-group"
              >
                <select
                  className="form-control"
                  defaultValue="spam"
                  name="reportType"
                  onChange={[Function]}
                >
                  <option>
                    spam
                  </option>
                  <option>
                    plagarism
                  </option>
                  <option>
                    others
                  </option>
                </select>
              </div>,
              <div
                className="form-group"
              >
                <textarea
                  className="form-control"
                  name="context"
                  onChange={[Function]}
                  placeholder="Type your report message"
                />
              </div>,
              <div
                className="row"
              >
                <LoadingSpinner
                  isLoading={false}
                />
                <MainError
                  errors={Object {}}
                />
                <div
                  className="col-md-12 text-right"
                >
                  <button
                    className="btn btn-danger ph-25"
                    type="submit"
                  >
                    Submit Report
                  </button>
                </div>
              </div>,
            ],
            "className": "font-cardo ph-30",
          },
          "ref": null,
          "rendered": Array [
            Object {
              "instance": null,
              "key": undefined,
              "nodeType": "host",
              "props": Object {
                "children": Array [
                  <select
                    className="form-control"
                    defaultValue="spam"
                    name="reportType"
                    onChange={[Function]}
                  >
                    <option>
                      spam
                    </option>
                    <option>
                      plagarism
                    </option>
                    <option>
                      others
                    </option>
                  </select>,
                  undefined,
                  undefined,
                ],
                "className": "form-group",
              },
              "ref": null,
              "rendered": Array [
                Object {
                  "instance": null,
                  "key": undefined,
                  "nodeType": "host",
                  "props": Object {
                    "children": Array [
                      <option>
                        spam
                      </option>,
                      <option>
                        plagarism
                      </option>,
                      <option>
                        others
                      </option>,
                    ],
                    "className": "form-control",
                    "defaultValue": "spam",
                    "name": "reportType",
                    "onChange": [Function],
                  },
                  "ref": null,
                  "rendered": Array [
                    Object {
                      "instance": null,
                      "key": undefined,
                      "nodeType": "host",
                      "props": Object {
                        "children": "spam",
                      },
                      "ref": null,
                      "rendered": "spam",
                      "type": "option",
                    },
                    Object {
                      "instance": null,
                      "key": undefined,
                      "nodeType": "host",
                      "props": Object {
                        "children": "plagarism",
                      },
                      "ref": null,
                      "rendered": "plagarism",
                      "type": "option",
                    },
                    Object {
                      "instance": null,
                      "key": undefined,
                      "nodeType": "host",
                      "props": Object {
                        "children": "others",
                      },
                      "ref": null,
                      "rendered": "others",
                      "type": "option",
                    },
                  ],
                  "type": "select",
                },
                undefined,
                undefined,
              ],
              "type": "div",
            },
            Object {
              "instance": null,
              "key": undefined,
              "nodeType": "host",
              "props": Object {
                "children": Array [
                  <textarea
                    className="form-control"
                    name="context"
                    onChange={[Function]}
                    placeholder="Type your report message"
                  />,
                  undefined,
                  undefined,
                ],
                "className": "form-group",
              },
              "ref": null,
              "rendered": Array [
                Object {
                  "instance": null,
                  "key": undefined,
                  "nodeType": "host",
                  "props": Object {
                    "className": "form-control",
                    "name": "context",
                    "onChange": [Function],
                    "placeholder": "Type your report message",
                  },
                  "ref": null,
                  "rendered": null,
                  "type": "textarea",
                },
                undefined,
                undefined,
              ],
              "type": "div",
            },
            Object {
              "instance": null,
              "key": undefined,
              "nodeType": "host",
              "props": Object {
                "children": Array [
                  <LoadingSpinner
                    isLoading={false}
                  />,
                  <MainError
                    errors={Object {}}
                  />,
                  <div
                    className="col-md-12 text-right"
                  >
                    <button
                      className="btn btn-danger ph-25"
                      type="submit"
                    >
                      Submit Report
                    </button>
                  </div>,
                ],
                "className": "row",
              },
              "ref": null,
              "rendered": Array [
                Object {
                  "instance": null,
                  "key": undefined,
                  "nodeType": "function",
                  "props": Object {
                    "isLoading": false,
                  },
                  "ref": null,
                  "rendered": null,
                  "type": [Function],
                },
                Object {
                  "instance": null,
                  "key": undefined,
                  "nodeType": "function",
                  "props": Object {
                    "errors": Object {},
                  },
                  "ref": null,
                  "rendered": null,
                  "type": [Function],
                },
                Object {
                  "instance": null,
                  "key": undefined,
                  "nodeType": "host",
                  "props": Object {
                    "children": <button
                      className="btn btn-danger ph-25"
                      type="submit"
                    >
                      Submit Report
                    </button>,
                    "className": "col-md-12 text-right",
                  },
                  "ref": null,
                  "rendered": Object {
                    "instance": null,
                    "key": undefined,
                    "nodeType": "host",
                    "props": Object {
                      "children": "Submit Report",
                      "className": "btn btn-danger ph-25",
                      "type": "submit",
                    },
                    "ref": null,
                    "rendered": "Submit Report",
                    "type": "button",
                  },
                  "type": "div",
                },
              ],
              "type": "div",
            },
          ],
          "type": "div",
        },
        "type": "form",
      },
    ],
    "type": "div",
  },
  Symbol(enzyme.__nodes__): Array [
    Object {
      "instance": null,
      "key": undefined,
      "nodeType": "host",
      "props": Object {
        "children": Array [
          false,
          <h1
            className="form-title font-cardo text-center"
          >
            Report this article
          </h1>,
          <form
            className="heimdal-form"
            noValidate={true}
            onSubmit={[Function]}
          >
            <div
              className="font-cardo ph-30"
            >
              <div
                className="form-group"
              >
                <select
                  className="form-control"
                  defaultValue="spam"
                  name="reportType"
                  onChange={[Function]}
                >
                  <option>
                    spam
                  </option>
                  <option>
                    plagarism
                  </option>
                  <option>
                    others
                  </option>
                </select>
              </div>
              <div
                className="form-group"
              >
                <textarea
                  className="form-control"
                  name="context"
                  onChange={[Function]}
                  placeholder="Type your report message"
                />
              </div>
              <div
                className="row"
              >
                <LoadingSpinner
                  isLoading={false}
                />
                <MainError
                  errors={Object {}}
                />
                <div
                  className="col-md-12 text-right"
                >
                  <button
                    className="btn btn-danger ph-25"
                    type="submit"
                  >
                    Submit Report
                  </button>
                </div>
              </div>
            </div>
          </form>,
        ],
        "className": "heimdal-report-form",
      },
      "ref": null,
      "rendered": Array [
        false,
        Object {
          "instance": null,
          "key": undefined,
          "nodeType": "host",
          "props": Object {
            "children": "Report this article",
            "className": "form-title font-cardo text-center",
          },
          "ref": null,
          "rendered": "Report this article",
          "type": "h1",
        },
        Object {
          "instance": null,
          "key": undefined,
          "nodeType": "host",
          "props": Object {
            "children": <div
              className="font-cardo ph-30"
            >
              <div
                className="form-group"
              >
                <select
                  className="form-control"
                  defaultValue="spam"
                  name="reportType"
                  onChange={[Function]}
                >
                  <option>
                    spam
                  </option>
                  <option>
                    plagarism
                  </option>
                  <option>
                    others
                  </option>
                </select>
              </div>
              <div
                className="form-group"
              >
                <textarea
                  className="form-control"
                  name="context"
                  onChange={[Function]}
                  placeholder="Type your report message"
                />
              </div>
              <div
                className="row"
              >
                <LoadingSpinner
                  isLoading={false}
                />
                <MainError
                  errors={Object {}}
                />
                <div
                  className="col-md-12 text-right"
                >
                  <button
                    className="btn btn-danger ph-25"
                    type="submit"
                  >
                    Submit Report
                  </button>
                </div>
              </div>
            </div>,
            "className": "heimdal-form",
            "noValidate": true,
            "onSubmit": [Function],
          },
          "ref": null,
          "rendered": Object {
            "instance": null,
            "key": undefined,
            "nodeType": "host",
            "props": Object {
              "children": Array [
                <div
                  className="form-group"
                >
                  <select
                    className="form-control"
                    defaultValue="spam"
                    name="reportType"
                    onChange={[Function]}
                  >
                    <option>
                      spam
                    </option>
                    <option>
                      plagarism
                    </option>
                    <option>
                      others
                    </option>
                  </select>
                </div>,
                <div
                  className="form-group"
                >
                  <textarea
                    className="form-control"
                    name="context"
                    onChange={[Function]}
                    placeholder="Type your report message"
                  />
                </div>,
                <div
                  className="row"
                >
                  <LoadingSpinner
                    isLoading={false}
                  />
                  <MainError
                    errors={Object {}}
                  />
                  <div
                    className="col-md-12 text-right"
                  >
                    <button
                      className="btn btn-danger ph-25"
                      type="submit"
                    >
                      Submit Report
                    </button>
                  </div>
                </div>,
              ],
              "className": "font-cardo ph-30",
            },
            "ref": null,
            "rendered": Array [
              Object {
                "instance": null,
                "key": undefined,
                "nodeType": "host",
                "props": Object {
                  "children": Array [
                    <select
                      className="form-control"
                      defaultValue="spam"
                      name="reportType"
                      onChange={[Function]}
                    >
                      <option>
                        spam
                      </option>
                      <option>
                        plagarism
                      </option>
                      <option>
                        others
                      </option>
                    </select>,
                    undefined,
                    undefined,
                  ],
                  "className": "form-group",
                },
                "ref": null,
                "rendered": Array [
                  Object {
                    "instance": null,
                    "key": undefined,
                    "nodeType": "host",
                    "props": Object {
                      "children": Array [
                        <option>
                          spam
                        </option>,
                        <option>
                          plagarism
                        </option>,
                        <option>
                          others
                        </option>,
                      ],
                      "className": "form-control",
                      "defaultValue": "spam",
                      "name": "reportType",
                      "onChange": [Function],
                    },
                    "ref": null,
                    "rendered": Array [
                      Object {
                        "instance": null,
                        "key": undefined,
                        "nodeType": "host",
                        "props": Object {
                          "children": "spam",
                        },
                        "ref": null,
                        "rendered": "spam",
                        "type": "option",
                      },
                      Object {
                        "instance": null,
                        "key": undefined,
                        "nodeType": "host",
                        "props": Object {
                          "children": "plagarism",
                        },
                        "ref": null,
                        "rendered": "plagarism",
                        "type": "option",
                      },
                      Object {
                        "instance": null,
                        "key": undefined,
                        "nodeType": "host",
                        "props": Object {
                          "children": "others",
                        },
                        "ref": null,
                        "rendered": "others",
                        "type": "option",
                      },
                    ],
                    "type": "select",
                  },
                  undefined,
                  undefined,
                ],
                "type": "div",
              },
              Object {
                "instance": null,
                "key": undefined,
                "nodeType": "host",
                "props": Object {
                  "children": Array [
                    <textarea
                      className="form-control"
                      name="context"
                      onChange={[Function]}
                      placeholder="Type your report message"
                    />,
                    undefined,
                    undefined,
                  ],
                  "className": "form-group",
                },
                "ref": null,
                "rendered": Array [
                  Object {
                    "instance": null,
                    "key": undefined,
                    "nodeType": "host",
                    "props": Object {
                      "className": "form-control",
                      "name": "context",
                      "onChange": [Function],
                      "placeholder": "Type your report message",
                    },
                    "ref": null,
                    "rendered": null,
                    "type": "textarea",
                  },
                  undefined,
                  undefined,
                ],
                "type": "div",
              },
              Object {
                "instance": null,
                "key": undefined,
                "nodeType": "host",
                "props": Object {
                  "children": Array [
                    <LoadingSpinner
                      isLoading={false}
                    />,
                    <MainError
                      errors={Object {}}
                    />,
                    <div
                      className="col-md-12 text-right"
                    >
                      <button
                        className="btn btn-danger ph-25"
                        type="submit"
                      >
                        Submit Report
                      </button>
                    </div>,
                  ],
                  "className": "row",
                },
                "ref": null,
                "rendered": Array [
                  Object {
                    "instance": null,
                    "key": undefined,
                    "nodeType": "function",
                    "props": Object {
                      "isLoading": false,
                    },
                    "ref": null,
                    "rendered": null,
                    "type": [Function],
                  },
                  Object {
                    "instance": null,
                    "key": undefined,
                    "nodeType": "function",
                    "props": Object {
                      "errors": Object {},
                    },
                    "ref": null,
                    "rendered": null,
                    "type": [Function],
                  },
                  Object {
                    "instance": null,
                    "key": undefined,
                    "nodeType": "host",
                    "props": Object {
                      "children": <button
                        className="btn btn-danger ph-25"
                        type="submit"
                      >
                        Submit Report
                      </button>,
                      "className": "col-md-12 text-right",
                    },
                    "ref": null,
                    "rendered": Object {
                      "instance": null,
                      "key": undefined,
                      "nodeType": "host",
                      "props": Object {
                        "children": "Submit Report",
                        "className": "btn btn-danger ph-25",
                        "type": "submit",
                      },
                      "ref": null,
                      "rendered": "Submit Report",
                      "type": "button",
                    },
                    "type": "div",
                  },
                ],
                "type": "div",
              },
            ],
            "type": "div",
          },
          "type": "form",
        },
      ],
      "type": "div",
    },
  ],
  Symbol(enzyme.__options__): Object {
    "adapter": ReactSixteenAdapter {
      "options": Object {
        "enableComponentDidUpdateOnSetState": true,
        "lifecycles": Object {
          "componentDidUpdate": Object {
            "onSetState": true,
          },
          "getDerivedStateFromProps": true,
          "getSnapshotBeforeUpdate": true,
          "setState": Object {
            "skipsComponentDidUpdateOnNullish": true,
          },
        },
      },
    },
  },
}
`;
