// Jest Snapshot v1, https://goo.gl/fbAQLP

exports[`The Signup Component Test Suite should render the SignupFrom component 1`] = `
ShallowWrapper {
  Symbol(enzyme.__root__): [Circular],
  Symbol(enzyme.__unrendered__): <SigninForm />,
  Symbol(enzyme.__renderer__): Object {
    "batchedUpdates": [Function],
    "getNode": [Function],
    "render": [Function],
    "simulateError": [Function],
    "simulateEvent": [Function],
    "unmount": [Function],
  },
  Symbol(enzyme.__node__): Object {
    "instance": null,
    "key": undefined,
    "nodeType": "host",
    "props": Object {
      "children": Array [
        <h1
          className="form-title font-cardo text-center"
        >
          Welcome back
        </h1>,
        <form
          className="heimdal-form"
          noValidate={true}
        >
          <div
            className="font-cardo ph-30"
          >
            <FormInput
              classname="form-control"
              name="email"
              placeholder="Email Address"
              type="email"
            />
            <FormInput
              classname="form-control"
              name="password"
              placeholder="Password"
              type="password"
            />
            <div
              className="row"
            >
              <LoadingSpinner />
              <div
                className="col-md-8 text-left mb-10"
              >
                <span
                  className="text-muted p-t-10"
                >
                   
                  Don't have an account?
                  <Link
                    className="link"
                    replace={false}
                    to="/signup"
                  >
                    Sign up here
                  </Link>
                </span>
              </div>
              <div
                className="col-md-4 text-right"
              >
                <button
                  className="btn signup-btn"
                  type="submit"
                >
                  Sign Up
                </button>
              </div>
            </div>
          </div>
        </form>,
      ],
      "className": "heimdal-signup-form",
    },
    "ref": null,
    "rendered": Array [
      Object {
        "instance": null,
        "key": undefined,
        "nodeType": "host",
        "props": Object {
          "children": "Welcome back",
          "className": "form-title font-cardo text-center",
        },
        "ref": null,
        "rendered": "Welcome back",
        "type": "h1",
      },
      Object {
        "instance": null,
        "key": undefined,
        "nodeType": "host",
        "props": Object {
          "children": <div
            className="font-cardo ph-30"
          >
            <FormInput
              classname="form-control"
              name="email"
              placeholder="Email Address"
              type="email"
            />
            <FormInput
              classname="form-control"
              name="password"
              placeholder="Password"
              type="password"
            />
            <div
              className="row"
            >
              <LoadingSpinner />
              <div
                className="col-md-8 text-left mb-10"
              >
                <span
                  className="text-muted p-t-10"
                >
                   
                  Don't have an account?
                  <Link
                    className="link"
                    replace={false}
                    to="/signup"
                  >
                    Sign up here
                  </Link>
                </span>
              </div>
              <div
                className="col-md-4 text-right"
              >
                <button
                  className="btn signup-btn"
                  type="submit"
                >
                  Sign Up
                </button>
              </div>
            </div>
          </div>,
          "className": "heimdal-form",
          "noValidate": true,
          "onSubmit": undefined,
        },
        "ref": null,
        "rendered": Object {
          "instance": null,
          "key": undefined,
          "nodeType": "host",
          "props": Object {
            "children": Array [
              <FormInput
                classname="form-control"
                name="email"
                placeholder="Email Address"
                type="email"
              />,
              <FormInput
                classname="form-control"
                name="password"
                placeholder="Password"
                type="password"
              />,
              <div
                className="row"
              >
                <LoadingSpinner />
                <div
                  className="col-md-8 text-left mb-10"
                >
                  <span
                    className="text-muted p-t-10"
                  >
                     
                    Don't have an account?
                    <Link
                      className="link"
                      replace={false}
                      to="/signup"
                    >
                      Sign up here
                    </Link>
                  </span>
                </div>
                <div
                  className="col-md-4 text-right"
                >
                  <button
                    className="btn signup-btn"
                    type="submit"
                  >
                    Sign Up
                  </button>
                </div>
              </div>,
            ],
            "className": "font-cardo ph-30",
          },
          "ref": null,
          "rendered": Array [
            Object {
              "instance": null,
              "key": undefined,
              "nodeType": "function",
              "props": Object {
                "classname": "form-control",
                "errors": undefined,
                "name": "email",
                "onChange": undefined,
                "placeholder": "Email Address",
                "type": "email",
                "value": undefined,
              },
              "ref": null,
              "rendered": null,
              "type": [Function],
            },
            Object {
              "instance": null,
              "key": undefined,
              "nodeType": "function",
              "props": Object {
                "classname": "form-control",
                "errors": undefined,
                "name": "password",
                "onChange": undefined,
                "placeholder": "Password",
                "type": "password",
                "value": undefined,
              },
              "ref": null,
              "rendered": null,
              "type": [Function],
            },
            Object {
              "instance": null,
              "key": undefined,
              "nodeType": "host",
              "props": Object {
                "children": Array [
                  <LoadingSpinner />,
                  <div
                    className="col-md-8 text-left mb-10"
                  >
                    <span
                      className="text-muted p-t-10"
                    >
                       
                      Don't have an account?
                      <Link
                        className="link"
                        replace={false}
                        to="/signup"
                      >
                        Sign up here
                      </Link>
                    </span>
                  </div>,
                  <div
                    className="col-md-4 text-right"
                  >
                    <button
                      className="btn signup-btn"
                      type="submit"
                    >
                      Sign Up
                    </button>
                  </div>,
                ],
                "className": "row",
              },
              "ref": null,
              "rendered": Array [
                Object {
                  "instance": null,
                  "key": undefined,
                  "nodeType": "function",
                  "props": Object {
                    "isLoading": undefined,
                  },
                  "ref": null,
                  "rendered": null,
                  "type": [Function],
                },
                Object {
                  "instance": null,
                  "key": undefined,
                  "nodeType": "host",
                  "props": Object {
                    "children": <span
                      className="text-muted p-t-10"
                    >
                       
                      Don't have an account?
                      <Link
                        className="link"
                        replace={false}
                        to="/signup"
                      >
                        Sign up here
                      </Link>
                    </span>,
                    "className": "col-md-8 text-left mb-10",
                  },
                  "ref": null,
                  "rendered": Object {
                    "instance": null,
                    "key": undefined,
                    "nodeType": "host",
                    "props": Object {
                      "children": Array [
                        " ",
                        "Don't have an account?",
                        <Link
                          className="link"
                          replace={false}
                          to="/signup"
                        >
                          Sign up here
                        </Link>,
                      ],
                      "className": "text-muted p-t-10",
                    },
                    "ref": null,
                    "rendered": Array [
                      " ",
                      "Don't have an account?",
                      Object {
                        "instance": null,
                        "key": undefined,
                        "nodeType": "class",
                        "props": Object {
                          "children": "Sign up here",
                          "className": "link",
                          "replace": false,
                          "to": "/signup",
                        },
                        "ref": null,
                        "rendered": "Sign up here",
                        "type": [Function],
                      },
                    ],
                    "type": "span",
                  },
                  "type": "div",
                },
                Object {
                  "instance": null,
                  "key": undefined,
                  "nodeType": "host",
                  "props": Object {
                    "children": <button
                      className="btn signup-btn"
                      type="submit"
                    >
                      Sign Up
                    </button>,
                    "className": "col-md-4 text-right",
                  },
                  "ref": null,
                  "rendered": Object {
                    "instance": null,
                    "key": undefined,
                    "nodeType": "host",
                    "props": Object {
                      "children": "Sign Up",
                      "className": "btn signup-btn",
                      "disabled": undefined,
                      "type": "submit",
                    },
                    "ref": null,
                    "rendered": "Sign Up",
                    "type": "button",
                  },
                  "type": "div",
                },
              ],
              "type": "div",
            },
          ],
          "type": "div",
        },
        "type": "form",
      },
    ],
    "type": "div",
  },
  Symbol(enzyme.__nodes__): Array [
    Object {
      "instance": null,
      "key": undefined,
      "nodeType": "host",
      "props": Object {
        "children": Array [
          <h1
            className="form-title font-cardo text-center"
          >
            Welcome back
          </h1>,
          <form
            className="heimdal-form"
            noValidate={true}
          >
            <div
              className="font-cardo ph-30"
            >
              <FormInput
                classname="form-control"
                name="email"
                placeholder="Email Address"
                type="email"
              />
              <FormInput
                classname="form-control"
                name="password"
                placeholder="Password"
                type="password"
              />
              <div
                className="row"
              >
                <LoadingSpinner />
                <div
                  className="col-md-8 text-left mb-10"
                >
                  <span
                    className="text-muted p-t-10"
                  >
                     
                    Don't have an account?
                    <Link
                      className="link"
                      replace={false}
                      to="/signup"
                    >
                      Sign up here
                    </Link>
                  </span>
                </div>
                <div
                  className="col-md-4 text-right"
                >
                  <button
                    className="btn signup-btn"
                    type="submit"
                  >
                    Sign Up
                  </button>
                </div>
              </div>
            </div>
          </form>,
        ],
        "className": "heimdal-signup-form",
      },
      "ref": null,
      "rendered": Array [
        Object {
          "instance": null,
          "key": undefined,
          "nodeType": "host",
          "props": Object {
            "children": "Welcome back",
            "className": "form-title font-cardo text-center",
          },
          "ref": null,
          "rendered": "Welcome back",
          "type": "h1",
        },
        Object {
          "instance": null,
          "key": undefined,
          "nodeType": "host",
          "props": Object {
            "children": <div
              className="font-cardo ph-30"
            >
              <FormInput
                classname="form-control"
                name="email"
                placeholder="Email Address"
                type="email"
              />
              <FormInput
                classname="form-control"
                name="password"
                placeholder="Password"
                type="password"
              />
              <div
                className="row"
              >
                <LoadingSpinner />
                <div
                  className="col-md-8 text-left mb-10"
                >
                  <span
                    className="text-muted p-t-10"
                  >
                     
                    Don't have an account?
                    <Link
                      className="link"
                      replace={false}
                      to="/signup"
                    >
                      Sign up here
                    </Link>
                  </span>
                </div>
                <div
                  className="col-md-4 text-right"
                >
                  <button
                    className="btn signup-btn"
                    type="submit"
                  >
                    Sign Up
                  </button>
                </div>
              </div>
            </div>,
            "className": "heimdal-form",
            "noValidate": true,
            "onSubmit": undefined,
          },
          "ref": null,
          "rendered": Object {
            "instance": null,
            "key": undefined,
            "nodeType": "host",
            "props": Object {
              "children": Array [
                <FormInput
                  classname="form-control"
                  name="email"
                  placeholder="Email Address"
                  type="email"
                />,
                <FormInput
                  classname="form-control"
                  name="password"
                  placeholder="Password"
                  type="password"
                />,
                <div
                  className="row"
                >
                  <LoadingSpinner />
                  <div
                    className="col-md-8 text-left mb-10"
                  >
                    <span
                      className="text-muted p-t-10"
                    >
                       
                      Don't have an account?
                      <Link
                        className="link"
                        replace={false}
                        to="/signup"
                      >
                        Sign up here
                      </Link>
                    </span>
                  </div>
                  <div
                    className="col-md-4 text-right"
                  >
                    <button
                      className="btn signup-btn"
                      type="submit"
                    >
                      Sign Up
                    </button>
                  </div>
                </div>,
              ],
              "className": "font-cardo ph-30",
            },
            "ref": null,
            "rendered": Array [
              Object {
                "instance": null,
                "key": undefined,
                "nodeType": "function",
                "props": Object {
                  "classname": "form-control",
                  "errors": undefined,
                  "name": "email",
                  "onChange": undefined,
                  "placeholder": "Email Address",
                  "type": "email",
                  "value": undefined,
                },
                "ref": null,
                "rendered": null,
                "type": [Function],
              },
              Object {
                "instance": null,
                "key": undefined,
                "nodeType": "function",
                "props": Object {
                  "classname": "form-control",
                  "errors": undefined,
                  "name": "password",
                  "onChange": undefined,
                  "placeholder": "Password",
                  "type": "password",
                  "value": undefined,
                },
                "ref": null,
                "rendered": null,
                "type": [Function],
              },
              Object {
                "instance": null,
                "key": undefined,
                "nodeType": "host",
                "props": Object {
                  "children": Array [
                    <LoadingSpinner />,
                    <div
                      className="col-md-8 text-left mb-10"
                    >
                      <span
                        className="text-muted p-t-10"
                      >
                         
                        Don't have an account?
                        <Link
                          className="link"
                          replace={false}
                          to="/signup"
                        >
                          Sign up here
                        </Link>
                      </span>
                    </div>,
                    <div
                      className="col-md-4 text-right"
                    >
                      <button
                        className="btn signup-btn"
                        type="submit"
                      >
                        Sign Up
                      </button>
                    </div>,
                  ],
                  "className": "row",
                },
                "ref": null,
                "rendered": Array [
                  Object {
                    "instance": null,
                    "key": undefined,
                    "nodeType": "function",
                    "props": Object {
                      "isLoading": undefined,
                    },
                    "ref": null,
                    "rendered": null,
                    "type": [Function],
                  },
                  Object {
                    "instance": null,
                    "key": undefined,
                    "nodeType": "host",
                    "props": Object {
                      "children": <span
                        className="text-muted p-t-10"
                      >
                         
                        Don't have an account?
                        <Link
                          className="link"
                          replace={false}
                          to="/signup"
                        >
                          Sign up here
                        </Link>
                      </span>,
                      "className": "col-md-8 text-left mb-10",
                    },
                    "ref": null,
                    "rendered": Object {
                      "instance": null,
                      "key": undefined,
                      "nodeType": "host",
                      "props": Object {
                        "children": Array [
                          " ",
                          "Don't have an account?",
                          <Link
                            className="link"
                            replace={false}
                            to="/signup"
                          >
                            Sign up here
                          </Link>,
                        ],
                        "className": "text-muted p-t-10",
                      },
                      "ref": null,
                      "rendered": Array [
                        " ",
                        "Don't have an account?",
                        Object {
                          "instance": null,
                          "key": undefined,
                          "nodeType": "class",
                          "props": Object {
                            "children": "Sign up here",
                            "className": "link",
                            "replace": false,
                            "to": "/signup",
                          },
                          "ref": null,
                          "rendered": "Sign up here",
                          "type": [Function],
                        },
                      ],
                      "type": "span",
                    },
                    "type": "div",
                  },
                  Object {
                    "instance": null,
                    "key": undefined,
                    "nodeType": "host",
                    "props": Object {
                      "children": <button
                        className="btn signup-btn"
                        type="submit"
                      >
                        Sign Up
                      </button>,
                      "className": "col-md-4 text-right",
                    },
                    "ref": null,
                    "rendered": Object {
                      "instance": null,
                      "key": undefined,
                      "nodeType": "host",
                      "props": Object {
                        "children": "Sign Up",
                        "className": "btn signup-btn",
                        "disabled": undefined,
                        "type": "submit",
                      },
                      "ref": null,
                      "rendered": "Sign Up",
                      "type": "button",
                    },
                    "type": "div",
                  },
                ],
                "type": "div",
              },
            ],
            "type": "div",
          },
          "type": "form",
        },
      ],
      "type": "div",
    },
  ],
  Symbol(enzyme.__options__): Object {
    "adapter": ReactSixteenAdapter {
      "options": Object {
        "enableComponentDidUpdateOnSetState": true,
        "lifecycles": Object {
          "componentDidUpdate": Object {
            "onSetState": true,
          },
          "getDerivedStateFromProps": true,
          "getSnapshotBeforeUpdate": true,
          "setState": Object {
            "skipsComponentDidUpdateOnNullish": true,
          },
        },
      },
    },
  },
}
`;
