// Jest Snapshot v1, https://goo.gl/fbAQLP

exports[`<Header /> should test the children of the header 1`] = `
ShallowWrapper {
  Symbol(enzyme.__root__): [Circular],
  Symbol(enzyme.__unrendered__): <Header />,
  Symbol(enzyme.__renderer__): Object {
    "batchedUpdates": [Function],
    "getNode": [Function],
    "render": [Function],
    "simulateError": [Function],
    "simulateEvent": [Function],
    "unmount": [Function],
  },
  Symbol(enzyme.__node__): Object {
    "instance": null,
    "key": undefined,
    "nodeType": "host",
    "props": Object {
      "children": <nav
        className="navbar navbar-expand-lg navbar-light bg-light"
      >
        <Logo />
        <div
          className="collapse navbar-collapse"
          id="navbarCollapse"
        >
          <ul
            className="navbar-nav mr-auto"
          >
            <NavItems />
          </ul>
          <HeaderButton />
          <SearchForm />
        </div>
      </nav>,
      "className": "header",
    },
    "ref": null,
    "rendered": Object {
      "instance": null,
      "key": undefined,
      "nodeType": "host",
      "props": Object {
        "children": Array [
          <Logo />,
          <div
            className="collapse navbar-collapse"
            id="navbarCollapse"
          >
            <ul
              className="navbar-nav mr-auto"
            >
              <NavItems />
            </ul>
            <HeaderButton />
            <SearchForm />
          </div>,
        ],
        "className": "navbar navbar-expand-lg navbar-light bg-light",
      },
      "ref": null,
      "rendered": Array [
        Object {
          "instance": null,
          "key": undefined,
          "nodeType": "function",
          "props": Object {},
          "ref": null,
          "rendered": null,
          "type": [Function],
        },
        Object {
          "instance": null,
          "key": undefined,
          "nodeType": "host",
          "props": Object {
            "children": Array [
              <ul
                className="navbar-nav mr-auto"
              >
                <NavItems />
              </ul>,
              <HeaderButton />,
              <SearchForm />,
            ],
            "className": "collapse navbar-collapse",
            "id": "navbarCollapse",
          },
          "ref": null,
          "rendered": Array [
            Object {
              "instance": null,
              "key": undefined,
              "nodeType": "host",
              "props": Object {
                "children": <NavItems />,
                "className": "navbar-nav mr-auto",
              },
              "ref": null,
              "rendered": Object {
                "instance": null,
                "key": undefined,
                "nodeType": "function",
                "props": Object {},
                "ref": null,
                "rendered": null,
                "type": [Function],
              },
              "type": "ul",
            },
            Object {
              "instance": null,
              "key": undefined,
              "nodeType": "function",
              "props": Object {},
              "ref": null,
              "rendered": null,
              "type": [Function],
            },
            Object {
              "instance": null,
              "key": undefined,
              "nodeType": "class",
              "props": Object {},
              "ref": null,
              "rendered": null,
              "type": [Function],
            },
          ],
          "type": "div",
        },
      ],
      "type": "nav",
    },
    "type": "header",
  },
  Symbol(enzyme.__nodes__): Array [
    Object {
      "instance": null,
      "key": undefined,
      "nodeType": "host",
      "props": Object {
        "children": <nav
          className="navbar navbar-expand-lg navbar-light bg-light"
        >
          <Logo />
          <div
            className="collapse navbar-collapse"
            id="navbarCollapse"
          >
            <ul
              className="navbar-nav mr-auto"
            >
              <NavItems />
            </ul>
            <HeaderButton />
            <SearchForm />
          </div>
        </nav>,
        "className": "header",
      },
      "ref": null,
      "rendered": Object {
        "instance": null,
        "key": undefined,
        "nodeType": "host",
        "props": Object {
          "children": Array [
            <Logo />,
            <div
              className="collapse navbar-collapse"
              id="navbarCollapse"
            >
              <ul
                className="navbar-nav mr-auto"
              >
                <NavItems />
              </ul>
              <HeaderButton />
              <SearchForm />
            </div>,
          ],
          "className": "navbar navbar-expand-lg navbar-light bg-light",
        },
        "ref": null,
        "rendered": Array [
          Object {
            "instance": null,
            "key": undefined,
            "nodeType": "function",
            "props": Object {},
            "ref": null,
            "rendered": null,
            "type": [Function],
          },
          Object {
            "instance": null,
            "key": undefined,
            "nodeType": "host",
            "props": Object {
              "children": Array [
                <ul
                  className="navbar-nav mr-auto"
                >
                  <NavItems />
                </ul>,
                <HeaderButton />,
                <SearchForm />,
              ],
              "className": "collapse navbar-collapse",
              "id": "navbarCollapse",
            },
            "ref": null,
            "rendered": Array [
              Object {
                "instance": null,
                "key": undefined,
                "nodeType": "host",
                "props": Object {
                  "children": <NavItems />,
                  "className": "navbar-nav mr-auto",
                },
                "ref": null,
                "rendered": Object {
                  "instance": null,
                  "key": undefined,
                  "nodeType": "function",
                  "props": Object {},
                  "ref": null,
                  "rendered": null,
                  "type": [Function],
                },
                "type": "ul",
              },
              Object {
                "instance": null,
                "key": undefined,
                "nodeType": "function",
                "props": Object {},
                "ref": null,
                "rendered": null,
                "type": [Function],
              },
              Object {
                "instance": null,
                "key": undefined,
                "nodeType": "class",
                "props": Object {},
                "ref": null,
                "rendered": null,
                "type": [Function],
              },
            ],
            "type": "div",
          },
        ],
        "type": "nav",
      },
      "type": "header",
    },
  ],
  Symbol(enzyme.__options__): Object {
    "adapter": ReactSixteenAdapter {
      "options": Object {
        "enableComponentDidUpdateOnSetState": true,
        "lifecycles": Object {
          "componentDidUpdate": Object {
            "onSetState": true,
          },
          "getDerivedStateFromProps": true,
          "getSnapshotBeforeUpdate": true,
          "setState": Object {
            "skipsComponentDidUpdateOnNullish": true,
          },
        },
      },
    },
  },
}
`;
