// Jest Snapshot v1, https://goo.gl/fbAQLP

exports[`Testing the App should match the snapshot 1`] = `
<BrowserRouter>
  <Routes />
</BrowserRouter>
`;
